// Jest Snapshot v1, https://goo.gl/fbAQLP

exports[`Dash component renders UI as expected 1`] = `
<div
  className="wrapper dash"
>
  <div
    className="dash-icon"
  >
    <a
      href="/lists"
      onClick={[Function]}
    />
    <h2
      className="dash-icon-text"
    >
      Lists
    </h2>
  </div>
  <div
    className="dash-icon"
  >
    <a
      href="/teams"
      onClick={[Function]}
    />
    <h2
      className="dash-icon-text"
    >
      Teams
    </h2>
  </div>
</div>
`;
